param rtphosdef
 rtphos  entry {RTPhoS location}       "/data/zac/Projects/Pipeline/Testbed"
 pathdefs    entry {RTPhoS settings} "/data/zac/Projects/Pipeline/Testbed/rtphos.defaults"
 pathlog     entry {RTPhoS logfile}               "/data/zac/Projects/Pipeline/Testbed/rtphos.log"
 pathans     entry {DS9 Analysis settings} "/data/zac/Projects/Pipeline/Testbed/run_rtphos.ans"
 pathdata    entry {Raw data frames}	       "/data/zac/Projects/Pipeline/Testbed/data"
 pathbias    entry {Bias frames for calibration}  "/data/zac/Projects/Pipeline/Testbed/data/bias"
 pathdark    entry {Dark frames for calibration}  "/data/zac/Projects/Pipeline/Testbed/data/dark"
 pathflat    entry {Flat frames for calibration}  "/data/zac/Projects/Pipeline/Testbed/data/flat"
 stringbias  entry {bias frames wildcard}	       "*bias*"
 stringdark  entry {dark frames wildcard}	       "*dark*"
 stringflat  entry {flat frames wildcard}	       "*flat*"
 namebias    entry {Masterbias filename}	       "masterbias.fits"
 namedark    entry {Masterdark filename}	       "masterdark.fits"
 nameflat    entry {Masterflat filename}	       "masterflat.fits"
 psfs        entry {list of objects for psf}      "psf.cat"
 stars       entry {full list of objects}         "stars.cat"
 cprefix     entry {Prefix for calibrated files}   "c_"
 sradius     entry {Search radius for optimal centroiding}     5.0
 aradius     entry {Aperature radius for photometry}           10.0
 cradius     entry {PSF Clipping radius for optimal photom}    5.0
 starnumber  entry {Star number to optimize photometry for}    1
 skyskew     entry {Sky profile skew for optimal photometry}   -1
 skyfit      entry {Sky fitting switch for optimal photometry} -1
 gain        entry {Instrument Gain e-/ADU}         10.0
 linlevel    entry {Instrument linearity level}     0
 satslevel   entry {instrument saturation level}    0
 verbose     checkbox {Verbose output switch}       0
 tsleep      entry {Sleep time before checking for new frames [s]} 3
 liveplot    checkbox {Real-time plot}
endparam

param fakedata
 fsleep entry {Fake data time period [sec]} 10
 tfile  entry {Fake data target file} "faketarget.dat"
 cfile  entry {Fake data comparison file} "fakecomp.dat"
endparam

param server
 port   entry {Broadcast to TCP/IP port} 5556
 obsid  entry {Observatory identifier} "Myobservatory"
 band   entry {Filter passband identifier} "R"
 ssleep entry {Sleep [sec]} 10.
 dpath  entry {Data files path [default ./]} "./"
 tdfile entry {Target object data file} "faketarget.dat"
 public checkbox {Check for broadcasting target flux} 0
 cdfile entry {Comparison star data file [optional]} "fakecomp.dat"
 tfits  entry {Target stamp fits file [optional]} ""
 cfits  entry {Comparison stamp fits file [optional]} ""
endparam

param logger
 lport entry  {Receive from TCP/IP port} "tcp://localhost:5556"
 lfile entry  {Log file name [optional]} ""
 lband entry  {Filter passband to log [optional]} ""
 ltfits entry {Target stamp fits file [optional]} ""
 lcfits entry {Comparison stamp fits file [optional]} ""
endparam

param liveplot
 vport entry {Receive from TCP/IP port} "tcp://localhost:5556"
 vband entry {Filter passband to receive} "R"
 vlive checkbox {Plot just new data points?} 0
 vfile entry  {Log file name to sue [if above unchecked]} ""
 vpoints entry {Plot last npoints}
 vmin  checkbox {Plot X axis as minutes from current time} 0
endparam


RTPhoS Settings
*
menu
$param(rtphosdef); $param(fakedata); $param(server); $param(logger); xterm -hold -sb -sl 2000 -e tcsh -c "$rtphos/write_rtphos_defaults.py $rtphos $pathdefs $pathlog $pathans $pathdata $pathbias $pathdark $pathflat $stringbias $stringdark $stringflat $namebias $namedark $nameflat $stars $psfs $cprefix $sradius $aradius $cradius $starnumber $skyskew $skyfit $gain $linlevel $satslevel $verbose $tsleep $liveplot $fsleep $tfile $cfile $port $obsid $band $sslep $dpath $tdfile  $public $cdfile  $tfits $cfits $lport $lfile $lband $ltfits $lcfits" 

RUN RTPhoS data reduction
*
menu
$param(rtphosdef); xterm -hold -sb -sl 2000 -e "tcsh -c \"python -u $rtphos/run_rtphos.py $xpa_method $pathdefs |& tee $pathlog\" "

RTPhoS Fake Data Module
*
menu
$param(rtphosdef); $param(fakedata); xterm -hold -sb -sl 2000 -e tcsh -c "$rtphos/RTPhoS_fakedata.py $fsleep $tfile $cfile"

RTPhoS Server Module
*
menu
$param(rtphosdef); $param(server); xterm -hold -sb -sl 2000 -e tcsh -c "$rtphos/RTPhoS_server_module.py $port $obsid $band $tdfile $ssleep -public $public --path $dpath --compfile $cdfile --thumbtarget $tfits --thumbcomp $cfits"

RTPhoS Client Logger Module
*
menu
$param(rtphosdef); $param(logger); xterm -hold -sb -sl 2000 -e tcsh -c "$rtphos/RTPhoS_client_logger.py $lport -filter $lband -logfile $lfile -thumbtarget $ltfits -thumbcomp $lcfits"

RTPhoS Live Plotting Module
*
menu
$param(rtphosdef); $param(liveplot); xterm -hold -sb -sl 2000 -e tcsh -c "$rtphos/RTPhoS_client_liveplot.py $vband $vport -logfile $vfile -npoints $vpoints -minnow $vmin "
